<!DOCTYPE HTML PUBLIC "-//W3C//DTD HTML 4.01 Transitional//EN" "http://www.w3.org/TR/html4/loose.dtd">
<html xmlns:giweet="http://www.giweet.org/javadoc/1.0" xmlns="http://www.w3.org/1999/xhtml"><!--Generated by GiweetDoclet on FAKE DATE-->
<head>
<META http-equiv="Content-Type" content="text/html; charset=utf-8">
<link rel="stylesheet" type="text/css" href="giweet.css">
<title>Steps from org.giweet.tools.javadoc.test.TestJavadocStep</title>
</head>
<body>
<h1>Instructions de test</h1>
<div class="doc">A test step class for javadoc generation.<br/>
 You can even use HTML tags : <strong>&nbsp;HTML fragment example&nbsp;</strong></div>
<div class="generation-info">(Documentation g&eacute;n&eacute;r&eacute;e &agrave; partir de la classe Java : org.giweet.tools.javadoc.test.TestJavadocStep)</div>
<div class="steps-summary">Instructions disponibles : <ul class="steps-list">
<li class="step">
<a href="#class1step1">test step without parameter</a>
</li>
<li class="step">
<a href="#class1step2">test step without parameter value 1</a>
</li>
<li class="step">
<a href="#class1step3">test step without parameter value 2</a>
</li>
<li class="step">
<a href="#class1step4">test step generated from the java method name</a>
</li>
</ul>
</div>
<div class="steps">
<h2>Description des instructions</h2>
<div class="step">
<a name="class1step1"></a>
<h3>Instruction : <span class="step">test step without parameter</span>
</h3>
<div class="doc"></div>
<div class="generation-info">Cette instruction est r&eacute;solue par la m&eacute;thode org.giweet.tools.javadoc.test.TestJavadocStep#testStepWithoutParameter()</div>
</div>
<div class="step">
<a name="class1step2"></a>
<h3>Instruction : <span class="step">test step without parameter value 1</span>
</h3>
<div class="doc">This is a method step matching several step values</div>
<div class="generation-info">Cette instruction est r&eacute;solue par la m&eacute;thode org.giweet.tools.javadoc.test.TestJavadocStep#testStepWithoutParameterAndMultipleValues()</div>
</div>
<div class="step">
<a name="class1step3"></a>
<h3>Instruction : <span class="step">test step without parameter value 2</span>
</h3>
<div class="doc">This is a method step matching several step values</div>
<div class="generation-info">Cette instruction est r&eacute;solue par la m&eacute;thode org.giweet.tools.javadoc.test.TestJavadocStep#testStepWithoutParameterAndMultipleValues()</div>
</div>
<div class="step">
<a name="class1step4"></a>
<h3>Instruction : <span class="step">test step generated from the java method name</span>
</h3>
<div class="doc">This step name is generated from the java method name</div>
<div class="generation-info">Cette instruction est r&eacute;solue par la m&eacute;thode org.giweet.tools.javadoc.test.TestJavadocStep#testStep_generated_from_the_javaMethodName()</div>
</div>
</div>
<div class="footer">
<span class="generation-info">Date de g&eacute;n&eacute;ration : FAKE DATE</span>
</div>
</body>
</html>
